2026-06-11 20:18:17.346 Uvicorn server started on 0.0.0.0:8501
2026-06-11 20:18:45.051 Uncaught app execution
Traceback (most recent call last):
  File "C:\Users\user\AppData\Local\Packages\PythonSoftwareFoundation.Python.3.12_qbz5n2kfra8p0\LocalCache\local-packages\Python312\site-packages\streamlit\runtime\scriptrunner\exec_code.py", line 129, in exec_func_with_error_handling
    result = func()
             ^^^^^^
  File "C:\Users\user\AppData\Local\Packages\PythonSoftwareFoundation.Python.3.12_qbz5n2kfra8p0\LocalCache\local-packages\Python312\site-packages\streamlit\runtime\scriptrunner\script_runner.py", line 789, in code_to_exec
    exec(code, module.__dict__)  # noqa: S102
    ^^^^^^^^^^^^^^^^^^^^^^^^^^^
  File "C:\Users\user\Downloads\TGIS\TGIS\app.py", line 669, in <module>
    main()
  File "C:\Users\user\Downloads\TGIS\TGIS\app.py", line 657, in main
    page_flood_overview(sel_id, show_fac, show_heatmap, show_track)
  File "C:\Users\user\Downloads\TGIS\TGIS\app.py", line 324, in page_flood_overview
    m = build_folium_map(typhoon_id, show_fac, show_heatmap, show_track)
        ^^^^^^^^^^^^^^^^^^^^^^^^^^^^^^^^^^^^^^^^^^^^^^^^^^^^^^^^^^^^^^^^
  File "C:\Users\user\Downloads\TGIS\TGIS\app.py", line 192, in build_folium_map
    facilities = cached_facilities()
                 ^^^^^^^^^^^^^^^^^^^
  File "C:\Users\user\AppData\Local\Packages\PythonSoftwareFoundation.Python.3.12_qbz5n2kfra8p0\LocalCache\local-packages\Python312\site-packages\streamlit\runtime\caching\cache_utils.py", line 280, in __call__
    return self._get_or_create_cached_value(args, kwargs, spinner_message)
           ^^^^^^^^^^^^^^^^^^^^^^^^^^^^^^^^^^^^^^^^^^^^^^^^^^^^^^^^^^^^^^^
  File "C:\Users\user\AppData\Local\Packages\PythonSoftwareFoundation.Python.3.12_qbz5n2kfra8p0\LocalCache\local-packages\Python312\site-packages\streamlit\runtime\caching\cache_utils.py", line 325, in _get_or_create_cached_value
    return self._handle_cache_miss(cache, value_key, func_args, func_kwargs)
           ^^^^^^^^^^^^^^^^^^^^^^^^^^^^^^^^^^^^^^^^^^^^^^^^^^^^^^^^^^^^^^^^^
  File "C:\Users\user\AppData\Local\Packages\PythonSoftwareFoundation.Python.3.12_qbz5n2kfra8p0\LocalCache\local-packages\Python312\site-packages\streamlit\runtime\caching\cache_utils.py", line 384, in _handle_cache_miss
    computed_value = self._info.func(*func_args, **func_kwargs)
                     ^^^^^^^^^^^^^^^^^^^^^^^^^^^^^^^^^^^^^^^^^^
  File "C:\Users\user\Downloads\TGIS\TGIS\app.py", line 133, in cached_facilities
    def cached_facilities():         return load_all_facilities()
                                            ^^^^^^^^^^^^^^^^^^^^^
  File "C:\Users\user\Downloads\TGIS\TGIS\data_loader.py", line 190, in load_all_facilities
    'hospitals':    load_hospitals(),
                    ^^^^^^^^^^^^^^^^
  File "C:\Users\user\Downloads\TGIS\TGIS\data_loader.py", line 135, in load_hospitals
    df = pd.read_csv(path)
         ^^^^^^^^^^^^^^^^^
  File "C:\Users\user\AppData\Local\Packages\PythonSoftwareFoundation.Python.3.12_qbz5n2kfra8p0\LocalCache\local-packages\Python312\site-packages\pandas\io\parsers\readers.py", line 1026, in read_csv
    return _read(filepath_or_buffer, kwds)
           ^^^^^^^^^^^^^^^^^^^^^^^^^^^^^^^
  File "C:\Users\user\AppData\Local\Packages\PythonSoftwareFoundation.Python.3.12_qbz5n2kfra8p0\LocalCache\local-packages\Python312\site-packages\pandas\io\parsers\readers.py", line 620, in _read
    parser = TextFileReader(filepath_or_buffer, **kwds)
             ^^^^^^^^^^^^^^^^^^^^^^^^^^^^^^^^^^^^^^^^^^
  File "C:\Users\user\AppData\Local\Packages\PythonSoftwareFoundation.Python.3.12_qbz5n2kfra8p0\LocalCache\local-packages\Python312\site-packages\pandas\io\parsers\readers.py", line 1620, in __init__
    self._engine = self._make_engine(f, self.engine)
                   ^^^^^^^^^^^^^^^^^^^^^^^^^^^^^^^^^
  File "C:\Users\user\AppData\Local\Packages\PythonSoftwareFoundation.Python.3.12_qbz5n2kfra8p0\LocalCache\local-packages\Python312\site-packages\pandas\io\parsers\readers.py", line 1880, in _make_engine
    self.handles = get_handle(
                   ^^^^^^^^^^^
  File "C:\Users\user\AppData\Local\Packages\PythonSoftwareFoundation.Python.3.12_qbz5n2kfra8p0\LocalCache\local-packages\Python312\site-packages\pandas\io\common.py", line 873, in get_handle
    handle = open(
             ^^^^^
FileNotFoundError: [Errno 2] No such file or directory: 'C:\\Users\\user\\Downloads\\TGIS\\TGIS\\雲林縣醫院名單_名稱地址 - 雲林縣醫院名單.csv'
C:\Users\user\Downloads\TGIS\TGIS\app.py:325: DeprecationWarning: 
folium_static is deprecated and will be removed in a future release, or
simply replaced with with st_folium which always passes
returned_objects=[] to the component.
Please try using st_folium instead, and
post an issue at https://github.com/randyzwitch/streamlit-folium/issues
if you experience issues with st_folium.

  folium_static(m, height=500)
2026-06-11 20:24:26.872 Please replace `st.components.v1.html` with `st.iframe`.

`st.components.v1.html` will be removed after 2026-06-01.
2026-06-11 20:24:26.940 Please replace `use_container_width` with `width`.

`use_container_width` will be removed after 2025-12-31.

For `use_container_width=True`, use `width='stretch'`. For `use_container_width=False`, use `width='content'`.
2026-06-11 20:24:26.976 Please replace `use_container_width` with `width`.

`use_container_width` will be removed after 2025-12-31.

For `use_container_width=True`, use `width='stretch'`. For `use_container_width=False`, use `width='content'`.
2026-06-11 20:24:26.978 The `use_column_width` parameter has been deprecated and will be removed in a future release. Please utilize the `width` parameter instead.
2026-06-11 20:24:27.034 The `use_column_width` parameter has been deprecated and will be removed in a future release. Please utilize the `width` parameter instead.
C:\Users\user\Downloads\TGIS\TGIS\app.py:325: DeprecationWarning: 
folium_static is deprecated and will be removed in a future release, or
simply replaced with with st_folium which always passes
returned_objects=[] to the component.
Please try using st_folium instead, and
post an issue at https://github.com/randyzwitch/streamlit-folium/issues
if you experience issues with st_folium.

  folium_static(m, height=500)
2026-06-11 20:25:04.661 Please replace `st.components.v1.html` with `st.iframe`.

`st.components.v1.html` will be removed after 2026-06-01.
2026-06-11 20:25:04.665 Please replace `use_container_width` with `width`.

`use_container_width` will be removed after 2025-12-31.

For `use_container_width=True`, use `width='stretch'`. For `use_container_width=False`, use `width='content'`.
2026-06-11 20:25:04.668 Please replace `use_container_width` with `width`.

`use_container_width` will be removed after 2025-12-31.

For `use_container_width=True`, use `width='stretch'`. For `use_container_width=False`, use `width='content'`.
2026-06-11 20:25:04.669 The `use_column_width` parameter has been deprecated and will be removed in a future release. Please utilize the `width` parameter instead.
2026-06-11 20:25:04.680 The `use_column_width` parameter has been deprecated and will be removed in a future release. Please utilize the `width` parameter instead.
C:\Users\user\Downloads\TGIS\TGIS\app.py:325: DeprecationWarning: 
folium_static is deprecated and will be removed in a future release, or
simply replaced with with st_folium which always passes
returned_objects=[] to the component.
Please try using st_folium instead, and
post an issue at https://github.com/randyzwitch/streamlit-folium/issues
if you experience issues with st_folium.

  folium_static(m, height=500)
2026-06-11 20:30:15.004 Please replace `st.components.v1.html` with `st.iframe`.

`st.components.v1.html` will be removed after 2026-06-01.
2026-06-11 20:30:15.007 Please replace `use_container_width` with `width`.

`use_container_width` will be removed after 2025-12-31.

For `use_container_width=True`, use `width='stretch'`. For `use_container_width=False`, use `width='content'`.
2026-06-11 20:30:15.010 Please replace `use_container_width` with `width`.

`use_container_width` will be removed after 2025-12-31.

For `use_container_width=True`, use `width='stretch'`. For `use_container_width=False`, use `width='content'`.
2026-06-11 20:30:15.011 Please replace `use_container_width` with `width`.

`use_container_width` will be removed after 2025-12-31.

For `use_container_width=True`, use `width='stretch'`. For `use_container_width=False`, use `width='content'`.
C:\Users\user\Downloads\TGIS\TGIS\app.py:325: DeprecationWarning: 
folium_static is deprecated and will be removed in a future release, or
simply replaced with with st_folium which always passes
returned_objects=[] to the component.
Please try using st_folium instead, and
post an issue at https://github.com/randyzwitch/streamlit-folium/issues
if you experience issues with st_folium.

  folium_static(m, height=500)
2026-06-11 20:33:03.005 Please replace `st.components.v1.html` with `st.iframe`.

`st.components.v1.html` will be removed after 2026-06-01.
2026-06-11 20:33:03.009 Please replace `use_container_width` with `width`.

`use_container_width` will be removed after 2025-12-31.

For `use_container_width=True`, use `width='stretch'`. For `use_container_width=False`, use `width='content'`.
2026-06-11 20:33:03.012 Please replace `use_container_width` with `width`.

`use_container_width` will be removed after 2025-12-31.

For `use_container_width=True`, use `width='stretch'`. For `use_container_width=False`, use `width='content'`.
C:\Users\user\Downloads\TGIS\TGIS\app.py:485: DeprecationWarning: 
folium_static is deprecated and will be removed in a future release, or
simply replaced with with st_folium which always passes
returned_objects=[] to the component.
Please try using st_folium instead, and
post an issue at https://github.com/randyzwitch/streamlit-folium/issues
if you experience issues with st_folium.

  folium_static(m, height=500)
2026-06-11 20:46:18.283 Please replace `st.components.v1.html` with `st.iframe`.

`st.components.v1.html` will be removed after 2026-06-01.
2026-06-11 20:46:18.293 Please replace `use_container_width` with `width`.

`use_container_width` will be removed after 2025-12-31.

For `use_container_width=True`, use `width='stretch'`. For `use_container_width=False`, use `width='content'`.
2026-06-11 20:46:18.296 Please replace `use_container_width` with `width`.

`use_container_width` will be removed after 2025-12-31.

For `use_container_width=True`, use `width='stretch'`. For `use_container_width=False`, use `width='content'`.
C:\Users\user\Downloads\TGIS\TGIS\app.py:577: DeprecationWarning: 
folium_static is deprecated and will be removed in a future release, or
simply replaced with with st_folium which always passes
returned_objects=[] to the component.
Please try using st_folium instead, and
post an issue at https://github.com/randyzwitch/streamlit-folium/issues
if you experience issues with st_folium.

  folium_static(m, height=480)
2026-06-11 20:46:53.584 Please replace `st.components.v1.html` with `st.iframe`.

`st.components.v1.html` will be removed after 2026-06-01.
2026-06-11 20:46:53.586 Please replace `use_container_width` with `width`.

`use_container_width` will be removed after 2025-12-31.

For `use_container_width=True`, use `width='stretch'`. For `use_container_width=False`, use `width='content'`.
2026-06-11 20:46:53.731 Please replace `use_container_width` with `width`.

`use_container_width` will be removed after 2025-12-31.

For `use_container_width=True`, use `width='stretch'`. For `use_container_width=False`, use `width='content'`.
2026-06-11 20:47:02.021 Please replace `use_container_width` with `width`.

`use_container_width` will be removed after 2025-12-31.

For `use_container_width=True`, use `width='stretch'`. For `use_container_width=False`, use `width='content'`.
2026-06-11 20:47:09.430 Please replace `use_container_width` with `width`.

`use_container_width` will be removed after 2025-12-31.

For `use_container_width=True`, use `width='stretch'`. For `use_container_width=False`, use `width='content'`.
C:\Users\user\Downloads\TGIS\TGIS\app.py:691: DeprecationWarning: 
folium_static is deprecated and will be removed in a future release, or
simply replaced with with st_folium which always passes
returned_objects=[] to the component.
Please try using st_folium instead, and
post an issue at https://github.com/randyzwitch/streamlit-folium/issues
if you experience issues with st_folium.

  folium_static(m, height=380)
2026-06-11 20:47:09.629 Please replace `st.components.v1.html` with `st.iframe`.

`st.components.v1.html` will be removed after 2026-06-01.
2026-06-11 20:47:09.630 Please replace `use_container_width` with `width`.

`use_container_width` will be removed after 2025-12-31.

For `use_container_width=True`, use `width='stretch'`. For `use_container_width=False`, use `width='content'`.
2026-06-11 20:47:09.634 Please replace `use_container_width` with `width`.

`use_container_width` will be removed after 2025-12-31.

For `use_container_width=True`, use `width='stretch'`. For `use_container_width=False`, use `width='content'`.
C:\Users\user\Downloads\TGIS\TGIS\app.py:778: DeprecationWarning: 
folium_static is deprecated and will be removed in a future release, or
simply replaced with with st_folium which always passes
returned_objects=[] to the component.
Please try using st_folium instead, and
post an issue at https://github.com/randyzwitch/streamlit-folium/issues
if you experience issues with st_folium.

  folium_static(m, height=550)
2026-06-11 20:47:18.728 Please replace `st.components.v1.html` with `st.iframe`.

`st.components.v1.html` will be removed after 2026-06-01.
2026-06-11 20:47:27.989 Please replace `use_container_width` with `width`.

`use_container_width` will be removed after 2025-12-31.

For `use_container_width=True`, use `width='stretch'`. For `use_container_width=False`, use `width='content'`.
2026-06-11 20:47:28.012 Please replace `use_container_width` with `width`.

`use_container_width` will be removed after 2025-12-31.

For `use_container_width=True`, use `width='stretch'`. For `use_container_width=False`, use `width='content'`.
C:\Users\user\Downloads\TGIS\TGIS\app.py:778: DeprecationWarning: 
folium_static is deprecated and will be removed in a future release, or
simply replaced with with st_folium which always passes
returned_objects=[] to the component.
Please try using st_folium instead, and
post an issue at https://github.com/randyzwitch/streamlit-folium/issues
if you experience issues with st_folium.

  folium_static(m, height=550)
2026-06-11 20:47:36.060 Please replace `st.components.v1.html` with `st.iframe`.

`st.components.v1.html` will be removed after 2026-06-01.
C:\Users\user\Downloads\TGIS\TGIS\app.py:485: DeprecationWarning: 
folium_static is deprecated and will be removed in a future release, or
simply replaced with with st_folium which always passes
returned_objects=[] to the component.
Please try using st_folium instead, and
post an issue at https://github.com/randyzwitch/streamlit-folium/issues
if you experience issues with st_folium.

  folium_static(m, height=500)
2026-06-11 20:49:28.505 Please replace `st.components.v1.html` with `st.iframe`.

`st.components.v1.html` will be removed after 2026-06-01.
2026-06-11 20:49:28.509 Please replace `use_container_width` with `width`.

`use_container_width` will be removed after 2025-12-31.

For `use_container_width=True`, use `width='stretch'`. For `use_container_width=False`, use `width='content'`.
2026-06-11 20:49:28.512 Please replace `use_container_width` with `width`.

`use_container_width` will be removed after 2025-12-31.

For `use_container_width=True`, use `width='stretch'`. For `use_container_width=False`, use `width='content'`.
C:\Users\user\Downloads\TGIS\TGIS\app.py:778: DeprecationWarning: 
folium_static is deprecated and will be removed in a future release, or
simply replaced with with st_folium which always passes
returned_objects=[] to the component.
Please try using st_folium instead, and
post an issue at https://github.com/randyzwitch/streamlit-folium/issues
if you experience issues with st_folium.

  folium_static(m, height=550)
2026-06-11 20:51:24.878 Please replace `st.components.v1.html` with `st.iframe`.

`st.components.v1.html` will be removed after 2026-06-01.
C:\Users\user\Downloads\TGIS\TGIS\app.py:485: DeprecationWarning: 
folium_static is deprecated and will be removed in a future release, or
simply replaced with with st_folium which always passes
returned_objects=[] to the component.
Please try using st_folium instead, and
post an issue at https://github.com/randyzwitch/streamlit-folium/issues
if you experience issues with st_folium.

  folium_static(m, height=500)
2026-06-11 20:53:47.627 Please replace `st.components.v1.html` with `st.iframe`.

`st.components.v1.html` will be removed after 2026-06-01.
2026-06-11 20:53:47.633 Please replace `use_container_width` with `width`.

`use_container_width` will be removed after 2025-12-31.

For `use_container_width=True`, use `width='stretch'`. For `use_container_width=False`, use `width='content'`.
2026-06-11 20:53:47.635 Please replace `use_container_width` with `width`.

`use_container_width` will be removed after 2025-12-31.

For `use_container_width=True`, use `width='stretch'`. For `use_container_width=False`, use `width='content'`.
C:\Users\user\Downloads\TGIS\TGIS\app.py:582: DeprecationWarning: 
folium_static is deprecated and will be removed in a future release, or
simply replaced with with st_folium which always passes
returned_objects=[] to the component.
Please try using st_folium instead, and
post an issue at https://github.com/randyzwitch/streamlit-folium/issues
if you experience issues with st_folium.

  folium_static(m, height=500)
2026-06-11 21:01:52.029 Please replace `st.components.v1.html` with `st.iframe`.

`st.components.v1.html` will be removed after 2026-06-01.
2026-06-11 21:01:52.033 Please replace `use_container_width` with `width`.

`use_container_width` will be removed after 2025-12-31.

For `use_container_width=True`, use `width='stretch'`. For `use_container_width=False`, use `width='content'`.
2026-06-11 21:01:52.036 Please replace `use_container_width` with `width`.

`use_container_width` will be removed after 2025-12-31.

For `use_container_width=True`, use `width='stretch'`. For `use_container_width=False`, use `width='content'`.
C:\Users\user\Downloads\TGIS\TGIS\app.py:582: DeprecationWarning: 
folium_static is deprecated and will be removed in a future release, or
simply replaced with with st_folium which always passes
returned_objects=[] to the component.
Please try using st_folium instead, and
post an issue at https://github.com/randyzwitch/streamlit-folium/issues
if you experience issues with st_folium.

  folium_static(m, height=500)
2026-06-11 21:01:58.089 Please replace `st.components.v1.html` with `st.iframe`.

`st.components.v1.html` will be removed after 2026-06-01.
2026-06-11 21:01:58.093 Please replace `use_container_width` with `width`.

`use_container_width` will be removed after 2025-12-31.

For `use_container_width=True`, use `width='stretch'`. For `use_container_width=False`, use `width='content'`.
2026-06-11 21:01:58.096 Please replace `use_container_width` with `width`.

`use_container_width` will be removed after 2025-12-31.

For `use_container_width=True`, use `width='stretch'`. For `use_container_width=False`, use `width='content'`.
C:\Users\user\Downloads\TGIS\TGIS\app.py:582: DeprecationWarning: 
folium_static is deprecated and will be removed in a future release, or
simply replaced with with st_folium which always passes
returned_objects=[] to the component.
Please try using st_folium instead, and
post an issue at https://github.com/randyzwitch/streamlit-folium/issues
if you experience issues with st_folium.

  folium_static(m, height=500)
2026-06-11 21:02:21.062 Please replace `st.components.v1.html` with `st.iframe`.

`st.components.v1.html` will be removed after 2026-06-01.
2026-06-11 21:02:21.066 Please replace `use_container_width` with `width`.

`use_container_width` will be removed after 2025-12-31.

For `use_container_width=True`, use `width='stretch'`. For `use_container_width=False`, use `width='content'`.
2026-06-11 21:02:21.068 Please replace `use_container_width` with `width`.

`use_container_width` will be removed after 2025-12-31.

For `use_container_width=True`, use `width='stretch'`. For `use_container_width=False`, use `width='content'`.
C:\Users\user\Downloads\TGIS\TGIS\app.py:582: DeprecationWarning: 
folium_static is deprecated and will be removed in a future release, or
simply replaced with with st_folium which always passes
returned_objects=[] to the component.
Please try using st_folium instead, and
post an issue at https://github.com/randyzwitch/streamlit-folium/issues
if you experience issues with st_folium.

  folium_static(m, height=500)
2026-06-11 21:02:22.153 Please replace `st.components.v1.html` with `st.iframe`.

`st.components.v1.html` will be removed after 2026-06-01.
2026-06-11 21:02:22.158 Please replace `use_container_width` with `width`.

`use_container_width` will be removed after 2025-12-31.

For `use_container_width=True`, use `width='stretch'`. For `use_container_width=False`, use `width='content'`.
2026-06-11 21:02:22.160 Please replace `use_container_width` with `width`.

`use_container_width` will be removed after 2025-12-31.

For `use_container_width=True`, use `width='stretch'`. For `use_container_width=False`, use `width='content'`.
C:\Users\user\Downloads\TGIS\TGIS\app.py:582: DeprecationWarning: 
folium_static is deprecated and will be removed in a future release, or
simply replaced with with st_folium which always passes
returned_objects=[] to the component.
Please try using st_folium instead, and
post an issue at https://github.com/randyzwitch/streamlit-folium/issues
if you experience issues with st_folium.

  folium_static(m, height=500)
2026-06-11 21:02:31.445 Please replace `st.components.v1.html` with `st.iframe`.

`st.components.v1.html` will be removed after 2026-06-01.
2026-06-11 21:02:31.449 Please replace `use_container_width` with `width`.

`use_container_width` will be removed after 2025-12-31.

For `use_container_width=True`, use `width='stretch'`. For `use_container_width=False`, use `width='content'`.
2026-06-11 21:02:31.452 Please replace `use_container_width` with `width`.

`use_container_width` will be removed after 2025-12-31.

For `use_container_width=True`, use `width='stretch'`. For `use_container_width=False`, use `width='content'`.
C:\Users\user\Downloads\TGIS\TGIS\app.py:582: DeprecationWarning: 
folium_static is deprecated and will be removed in a future release, or
simply replaced with with st_folium which always passes
returned_objects=[] to the component.
Please try using st_folium instead, and
post an issue at https://github.com/randyzwitch/streamlit-folium/issues
if you experience issues with st_folium.

  folium_static(m, height=500)
2026-06-11 21:02:32.829 Please replace `st.components.v1.html` with `st.iframe`.

`st.components.v1.html` will be removed after 2026-06-01.
2026-06-11 21:02:32.834 Please replace `use_container_width` with `width`.

`use_container_width` will be removed after 2025-12-31.

For `use_container_width=True`, use `width='stretch'`. For `use_container_width=False`, use `width='content'`.
2026-06-11 21:02:32.836 Please replace `use_container_width` with `width`.

`use_container_width` will be removed after 2025-12-31.

For `use_container_width=True`, use `width='stretch'`. For `use_container_width=False`, use `width='content'`.
C:\Users\user\Downloads\TGIS\TGIS\app.py:582: DeprecationWarning: 
folium_static is deprecated and will be removed in a future release, or
simply replaced with with st_folium which always passes
returned_objects=[] to the component.
Please try using st_folium instead, and
post an issue at https://github.com/randyzwitch/streamlit-folium/issues
if you experience issues with st_folium.

  folium_static(m, height=500)
2026-06-11 21:02:44.369 Please replace `st.components.v1.html` with `st.iframe`.

`st.components.v1.html` will be removed after 2026-06-01.
2026-06-11 21:02:44.374 Please replace `use_container_width` with `width`.

`use_container_width` will be removed after 2025-12-31.

For `use_container_width=True`, use `width='stretch'`. For `use_container_width=False`, use `width='content'`.
2026-06-11 21:02:44.376 Please replace `use_container_width` with `width`.

`use_container_width` will be removed after 2025-12-31.

For `use_container_width=True`, use `width='stretch'`. For `use_container_width=False`, use `width='content'`.
C:\Users\user\Downloads\TGIS\TGIS\app.py:582: DeprecationWarning: 
folium_static is deprecated and will be removed in a future release, or
simply replaced with with st_folium which always passes
returned_objects=[] to the component.
Please try using st_folium instead, and
post an issue at https://github.com/randyzwitch/streamlit-folium/issues
if you experience issues with st_folium.

  folium_static(m, height=500)
2026-06-11 21:02:46.539 Please replace `st.components.v1.html` with `st.iframe`.

`st.components.v1.html` will be removed after 2026-06-01.
2026-06-11 21:02:46.543 Please replace `use_container_width` with `width`.

`use_container_width` will be removed after 2025-12-31.

For `use_container_width=True`, use `width='stretch'`. For `use_container_width=False`, use `width='content'`.
2026-06-11 21:02:46.546 Please replace `use_container_width` with `width`.

`use_container_width` will be removed after 2025-12-31.

For `use_container_width=True`, use `width='stretch'`. For `use_container_width=False`, use `width='content'`.
C:\Users\user\Downloads\TGIS\TGIS\app.py:582: DeprecationWarning: 
folium_static is deprecated and will be removed in a future release, or
simply replaced with with st_folium which always passes
returned_objects=[] to the component.
Please try using st_folium instead, and
post an issue at https://github.com/randyzwitch/streamlit-folium/issues
if you experience issues with st_folium.

  folium_static(m, height=500)
2026-06-11 21:02:47.665 Please replace `st.components.v1.html` with `st.iframe`.

`st.components.v1.html` will be removed after 2026-06-01.
2026-06-11 21:02:47.669 Please replace `use_container_width` with `width`.

`use_container_width` will be removed after 2025-12-31.

For `use_container_width=True`, use `width='stretch'`. For `use_container_width=False`, use `width='content'`.
2026-06-11 21:02:47.672 Please replace `use_container_width` with `width`.

`use_container_width` will be removed after 2025-12-31.

For `use_container_width=True`, use `width='stretch'`. For `use_container_width=False`, use `width='content'`.
C:\Users\user\Downloads\TGIS\TGIS\app.py:460: UserWarning: color argument of Icon should be one of: {'blue', 'red', 'gray', 'lightgray', 'lightred', 'cadetblue', 'darkgreen', 'darkblue', 'green', 'darkpurple', 'lightgreen', 'purple', 'lightblue', 'darkred', 'beige', 'pink', 'orange', 'white', 'black'}.
  icon=folium.Icon(color=icon_color, icon=glyph_name)
C:\Users\user\Downloads\TGIS\TGIS\app.py:582: DeprecationWarning: 
folium_static is deprecated and will be removed in a future release, or
simply replaced with with st_folium which always passes
returned_objects=[] to the component.
Please try using st_folium instead, and
post an issue at https://github.com/randyzwitch/streamlit-folium/issues
if you experience issues with st_folium.

  folium_static(m, height=500)
2026-06-11 21:02:49.220 Please replace `st.components.v1.html` with `st.iframe`.

`st.components.v1.html` will be removed after 2026-06-01.
2026-06-11 21:02:49.224 Please replace `use_container_width` with `width`.

`use_container_width` will be removed after 2025-12-31.

For `use_container_width=True`, use `width='stretch'`. For `use_container_width=False`, use `width='content'`.
2026-06-11 21:02:49.227 Please replace `use_container_width` with `width`.

`use_container_width` will be removed after 2025-12-31.

For `use_container_width=True`, use `width='stretch'`. For `use_container_width=False`, use `width='content'`.
C:\Users\user\Downloads\TGIS\TGIS\app.py:460: UserWarning: color argument of Icon should be one of: {'blue', 'red', 'gray', 'lightgray', 'lightred', 'cadetblue', 'darkgreen', 'darkblue', 'green', 'darkpurple', 'lightgreen', 'purple', 'lightblue', 'darkred', 'beige', 'pink', 'orange', 'white', 'black'}.
  icon=folium.Icon(color=icon_color, icon=glyph_name)
C:\Users\user\Downloads\TGIS\TGIS\app.py:674: DeprecationWarning: 
folium_static is deprecated and will be removed in a future release, or
simply replaced with with st_folium which always passes
returned_objects=[] to the component.
Please try using st_folium instead, and
post an issue at https://github.com/randyzwitch/streamlit-folium/issues
if you experience issues with st_folium.

  folium_static(m, height=480)
2026-06-11 21:02:53.712 Please replace `st.components.v1.html` with `st.iframe`.

`st.components.v1.html` will be removed after 2026-06-01.
2026-06-11 21:02:53.713 Please replace `use_container_width` with `width`.

`use_container_width` will be removed after 2025-12-31.

For `use_container_width=True`, use `width='stretch'`. For `use_container_width=False`, use `width='content'`.
2026-06-11 21:02:53.718 Please replace `use_container_width` with `width`.

`use_container_width` will be removed after 2025-12-31.

For `use_container_width=True`, use `width='stretch'`. For `use_container_width=False`, use `width='content'`.
2026-06-11 21:02:57.022 Please replace `use_container_width` with `width`.

`use_container_width` will be removed after 2025-12-31.

For `use_container_width=True`, use `width='stretch'`. For `use_container_width=False`, use `width='content'`.
2026-06-11 21:03:01.060 Please replace `use_container_width` with `width`.

`use_container_width` will be removed after 2025-12-31.

For `use_container_width=True`, use `width='stretch'`. For `use_container_width=False`, use `width='content'`.
C:\Users\user\Downloads\TGIS\TGIS\app.py:460: UserWarning: color argument of Icon should be one of: {'blue', 'red', 'gray', 'lightgray', 'lightred', 'cadetblue', 'darkgreen', 'darkblue', 'green', 'darkpurple', 'lightgreen', 'purple', 'lightblue', 'darkred', 'beige', 'pink', 'orange', 'white', 'black'}.
  icon=folium.Icon(color=icon_color, icon=glyph_name)
C:\Users\user\Downloads\TGIS\TGIS\app.py:788: DeprecationWarning: 
folium_static is deprecated and will be removed in a future release, or
simply replaced with with st_folium which always passes
returned_objects=[] to the component.
Please try using st_folium instead, and
post an issue at https://github.com/randyzwitch/streamlit-folium/issues
if you experience issues with st_folium.

  folium_static(m, height=380)
2026-06-11 21:03:01.118 Please replace `st.components.v1.html` with `st.iframe`.

`st.components.v1.html` will be removed after 2026-06-01.
2026-06-11 21:03:01.119 Please replace `use_container_width` with `width`.

`use_container_width` will be removed after 2025-12-31.

For `use_container_width=True`, use `width='stretch'`. For `use_container_width=False`, use `width='content'`.
2026-06-11 21:03:01.123 Please replace `use_container_width` with `width`.

`use_container_width` will be removed after 2025-12-31.

For `use_container_width=True`, use `width='stretch'`. For `use_container_width=False`, use `width='content'`.
C:\Users\user\Downloads\TGIS\TGIS\app.py:460: UserWarning: color argument of Icon should be one of: {'blue', 'red', 'gray', 'lightgray', 'lightred', 'cadetblue', 'darkgreen', 'darkblue', 'green', 'darkpurple', 'lightgreen', 'purple', 'lightblue', 'darkred', 'beige', 'pink', 'orange', 'white', 'black'}.
  icon=folium.Icon(color=icon_color, icon=glyph_name)
C:\Users\user\Downloads\TGIS\TGIS\app.py:916: DeprecationWarning: 
folium_static is deprecated and will be removed in a future release, or
simply replaced with with st_folium which always passes
returned_objects=[] to the component.
Please try using st_folium instead, and
post an issue at https://github.com/randyzwitch/streamlit-folium/issues
if you experience issues with st_folium.

  folium_static(m, height=550)
2026-06-11 21:03:27.785 Please replace `st.components.v1.html` with `st.iframe`.

`st.components.v1.html` will be removed after 2026-06-01.
2026-06-11 21:03:33.059 Please replace `use_container_width` with `width`.

`use_container_width` will be removed after 2025-12-31.

For `use_container_width=True`, use `width='stretch'`. For `use_container_width=False`, use `width='content'`.
2026-06-11 21:03:33.065 Please replace `use_container_width` with `width`.

`use_container_width` will be removed after 2025-12-31.

For `use_container_width=True`, use `width='stretch'`. For `use_container_width=False`, use `width='content'`.
C:\Users\user\Downloads\TGIS\TGIS\app.py:587: DeprecationWarning: 
folium_static is deprecated and will be removed in a future release, or
simply replaced with with st_folium which always passes
returned_objects=[] to the component.
Please try using st_folium instead, and
post an issue at https://github.com/randyzwitch/streamlit-folium/issues
if you experience issues with st_folium.

  folium_static(m, height=500)
2026-06-11 21:08:02.516 Please replace `st.components.v1.html` with `st.iframe`.

`st.components.v1.html` will be removed after 2026-06-01.
2026-06-11 21:08:02.521 Please replace `use_container_width` with `width`.

`use_container_width` will be removed after 2025-12-31.

For `use_container_width=True`, use `width='stretch'`. For `use_container_width=False`, use `width='content'`.
2026-06-11 21:08:02.523 Please replace `use_container_width` with `width`.

`use_container_width` will be removed after 2025-12-31.

For `use_container_width=True`, use `width='stretch'`. For `use_container_width=False`, use `width='content'`.
C:\Users\user\Downloads\TGIS\TGIS\app.py:587: DeprecationWarning: 
folium_static is deprecated and will be removed in a future release, or
simply replaced with with st_folium which always passes
returned_objects=[] to the component.
Please try using st_folium instead, and
post an issue at https://github.com/randyzwitch/streamlit-folium/issues
if you experience issues with st_folium.

  folium_static(m, height=500)
2026-06-11 21:08:08.345 Please replace `st.components.v1.html` with `st.iframe`.

`st.components.v1.html` will be removed after 2026-06-01.
2026-06-11 21:08:08.349 Please replace `use_container_width` with `width`.

`use_container_width` will be removed after 2025-12-31.

For `use_container_width=True`, use `width='stretch'`. For `use_container_width=False`, use `width='content'`.
2026-06-11 21:08:08.351 Please replace `use_container_width` with `width`.

`use_container_width` will be removed after 2025-12-31.

For `use_container_width=True`, use `width='stretch'`. For `use_container_width=False`, use `width='content'`.
C:\Users\user\Downloads\TGIS\TGIS\app.py:679: DeprecationWarning: 
folium_static is deprecated and will be removed in a future release, or
simply replaced with with st_folium which always passes
returned_objects=[] to the component.
Please try using st_folium instead, and
post an issue at https://github.com/randyzwitch/streamlit-folium/issues
if you experience issues with st_folium.

  folium_static(m, height=480)
2026-06-11 21:11:20.211 Please replace `st.components.v1.html` with `st.iframe`.

`st.components.v1.html` will be removed after 2026-06-01.
2026-06-11 21:11:20.213 Please replace `use_container_width` with `width`.

`use_container_width` will be removed after 2025-12-31.

For `use_container_width=True`, use `width='stretch'`. For `use_container_width=False`, use `width='content'`.
2026-06-11 21:11:20.217 Please replace `use_container_width` with `width`.

`use_container_width` will be removed after 2025-12-31.

For `use_container_width=True`, use `width='stretch'`. For `use_container_width=False`, use `width='content'`.
C:\Users\user\Downloads\TGIS\TGIS\app.py:587: DeprecationWarning: 
folium_static is deprecated and will be removed in a future release, or
simply replaced with with st_folium which always passes
returned_objects=[] to the component.
Please try using st_folium instead, and
post an issue at https://github.com/randyzwitch/streamlit-folium/issues
if you experience issues with st_folium.

  folium_static(m, height=500)
2026-06-11 21:11:49.264 Please replace `st.components.v1.html` with `st.iframe`.

`st.components.v1.html` will be removed after 2026-06-01.
2026-06-11 21:11:49.270 Please replace `use_container_width` with `width`.

`use_container_width` will be removed after 2025-12-31.

For `use_container_width=True`, use `width='stretch'`. For `use_container_width=False`, use `width='content'`.
2026-06-11 21:11:49.274 Please replace `use_container_width` with `width`.

`use_container_width` will be removed after 2025-12-31.

For `use_container_width=True`, use `width='stretch'`. For `use_container_width=False`, use `width='content'`.
2026-06-11 21:11:54.962 Please replace `use_container_width` with `width`.

`use_container_width` will be removed after 2025-12-31.

For `use_container_width=True`, use `width='stretch'`. For `use_container_width=False`, use `width='content'`.
C:\Users\user\Downloads\TGIS\TGIS\app.py:679: DeprecationWarning: 
folium_static is deprecated and will be removed in a future release, or
simply replaced with with st_folium which always passes
returned_objects=[] to the component.
Please try using st_folium instead, and
post an issue at https://github.com/randyzwitch/streamlit-folium/issues
if you experience issues with st_folium.

  folium_static(m, height=480)
2026-06-11 21:12:13.358 Please replace `st.components.v1.html` with `st.iframe`.

`st.components.v1.html` will be removed after 2026-06-01.
2026-06-11 21:12:13.360 Please replace `use_container_width` with `width`.

`use_container_width` will be removed after 2025-12-31.

For `use_container_width=True`, use `width='stretch'`. For `use_container_width=False`, use `width='content'`.
2026-06-11 21:12:13.364 Please replace `use_container_width` with `width`.

`use_container_width` will be removed after 2025-12-31.

For `use_container_width=True`, use `width='stretch'`. For `use_container_width=False`, use `width='content'`.
C:\Users\user\Downloads\TGIS\TGIS\app.py:595: DeprecationWarning: 
folium_static is deprecated and will be removed in a future release, or
simply replaced with with st_folium which always passes
returned_objects=[] to the component.
Please try using st_folium instead, and
post an issue at https://github.com/randyzwitch/streamlit-folium/issues
if you experience issues with st_folium.

  folium_static(m, height=500)
2026-06-11 21:14:24.653 Please replace `st.components.v1.html` with `st.iframe`.

`st.components.v1.html` will be removed after 2026-06-01.
2026-06-11 21:14:24.657 Please replace `use_container_width` with `width`.

`use_container_width` will be removed after 2025-12-31.

For `use_container_width=True`, use `width='stretch'`. For `use_container_width=False`, use `width='content'`.
2026-06-11 21:14:24.660 Please replace `use_container_width` with `width`.

`use_container_width` will be removed after 2025-12-31.

For `use_container_width=True`, use `width='stretch'`. For `use_container_width=False`, use `width='content'`.
C:\Users\user\Downloads\TGIS\TGIS\app.py:737: DeprecationWarning: 
folium_static is deprecated and will be removed in a future release, or
simply replaced with with st_folium which always passes
returned_objects=[] to the component.
Please try using st_folium instead, and
post an issue at https://github.com/randyzwitch/streamlit-folium/issues
if you experience issues with st_folium.

  folium_static(m, height=500)
2026-06-11 21:20:57.535 Please replace `st.components.v1.html` with `st.iframe`.

`st.components.v1.html` will be removed after 2026-06-01.
2026-06-11 21:20:57.539 Please replace `use_container_width` with `width`.

`use_container_width` will be removed after 2025-12-31.

For `use_container_width=True`, use `width='stretch'`. For `use_container_width=False`, use `width='content'`.
2026-06-11 21:20:57.542 Please replace `use_container_width` with `width`.

`use_container_width` will be removed after 2025-12-31.

For `use_container_width=True`, use `width='stretch'`. For `use_container_width=False`, use `width='content'`.
C:\Users\user\Downloads\TGIS\TGIS\app.py:737: DeprecationWarning: 
folium_static is deprecated and will be removed in a future release, or
simply replaced with with st_folium which always passes
returned_objects=[] to the component.
Please try using st_folium instead, and
post an issue at https://github.com/randyzwitch/streamlit-folium/issues
if you experience issues with st_folium.

  folium_static(m, height=500)
2026-06-11 21:21:04.155 Please replace `st.components.v1.html` with `st.iframe`.

`st.components.v1.html` will be removed after 2026-06-01.
2026-06-11 21:21:04.158 Please replace `use_container_width` with `width`.

`use_container_width` will be removed after 2025-12-31.

For `use_container_width=True`, use `width='stretch'`. For `use_container_width=False`, use `width='content'`.
2026-06-11 21:21:04.162 Please replace `use_container_width` with `width`.

`use_container_width` will be removed after 2025-12-31.

For `use_container_width=True`, use `width='stretch'`. For `use_container_width=False`, use `width='content'`.
C:\Users\user\Downloads\TGIS\TGIS\app.py:830: DeprecationWarning: 
folium_static is deprecated and will be removed in a future release, or
simply replaced with with st_folium which always passes
returned_objects=[] to the component.
Please try using st_folium instead, and
post an issue at https://github.com/randyzwitch/streamlit-folium/issues
if you experience issues with st_folium.

  folium_static(m, height=480)
2026-06-11 21:21:38.075 Please replace `st.components.v1.html` with `st.iframe`.

`st.components.v1.html` will be removed after 2026-06-01.
2026-06-11 21:21:38.076 Please replace `use_container_width` with `width`.

`use_container_width` will be removed after 2025-12-31.

For `use_container_width=True`, use `width='stretch'`. For `use_container_width=False`, use `width='content'`.
2026-06-11 21:21:38.081 Please replace `use_container_width` with `width`.

`use_container_width` will be removed after 2025-12-31.

For `use_container_width=True`, use `width='stretch'`. For `use_container_width=False`, use `width='content'`.
2026-06-11 21:21:42.814 Please replace `use_container_width` with `width`.

`use_container_width` will be removed after 2025-12-31.

For `use_container_width=True`, use `width='stretch'`. For `use_container_width=False`, use `width='content'`.
2026-06-11 21:21:49.909 Please replace `use_container_width` with `width`.

`use_container_width` will be removed after 2025-12-31.

For `use_container_width=True`, use `width='stretch'`. For `use_container_width=False`, use `width='content'`.
C:\Users\user\Downloads\TGIS\TGIS\app.py:737: DeprecationWarning: 
folium_static is deprecated and will be removed in a future release, or
simply replaced with with st_folium which always passes
returned_objects=[] to the component.
Please try using st_folium instead, and
post an issue at https://github.com/randyzwitch/streamlit-folium/issues
if you experience issues with st_folium.

  folium_static(m, height=500)
2026-06-11 21:22:44.980 Please replace `st.components.v1.html` with `st.iframe`.

`st.components.v1.html` will be removed after 2026-06-01.
2026-06-11 21:22:44.984 Please replace `use_container_width` with `width`.

`use_container_width` will be removed after 2025-12-31.

For `use_container_width=True`, use `width='stretch'`. For `use_container_width=False`, use `width='content'`.
2026-06-11 21:22:44.987 Please replace `use_container_width` with `width`.

`use_container_width` will be removed after 2025-12-31.

For `use_container_width=True`, use `width='stretch'`. For `use_container_width=False`, use `width='content'`.
2026-06-11 21:23:16.609 Please replace `use_container_width` with `width`.

`use_container_width` will be removed after 2025-12-31.

For `use_container_width=True`, use `width='stretch'`. For `use_container_width=False`, use `width='content'`.
2026-06-11 21:25:06.765 Please replace `use_container_width` with `width`.

`use_container_width` will be removed after 2025-12-31.

For `use_container_width=True`, use `width='stretch'`. For `use_container_width=False`, use `width='content'`.
2026-06-11 21:25:06.772 Please replace `use_container_width` with `width`.

`use_container_width` will be removed after 2025-12-31.

For `use_container_width=True`, use `width='stretch'`. For `use_container_width=False`, use `width='content'`.
2026-06-11 21:25:21.257 Please replace `use_container_width` with `width`.

`use_container_width` will be removed after 2025-12-31.

For `use_container_width=True`, use `width='stretch'`. For `use_container_width=False`, use `width='content'`.
C:\Users\user\Downloads\TGIS\TGIS\app.py:830: DeprecationWarning: 
folium_static is deprecated and will be removed in a future release, or
simply replaced with with st_folium which always passes
returned_objects=[] to the component.
Please try using st_folium instead, and
post an issue at https://github.com/randyzwitch/streamlit-folium/issues
if you experience issues with st_folium.

  folium_static(m, height=480)
2026-06-11 21:25:22.730 Please replace `st.components.v1.html` with `st.iframe`.

`st.components.v1.html` will be removed after 2026-06-01.
2026-06-11 21:25:22.732 Please replace `use_container_width` with `width`.

`use_container_width` will be removed after 2025-12-31.

For `use_container_width=True`, use `width='stretch'`. For `use_container_width=False`, use `width='content'`.
2026-06-11 21:25:22.736 Please replace `use_container_width` with `width`.

`use_container_width` will be removed after 2025-12-31.

For `use_container_width=True`, use `width='stretch'`. For `use_container_width=False`, use `width='content'`.
C:\Users\user\Downloads\TGIS\TGIS\app.py:737: DeprecationWarning: 
folium_static is deprecated and will be removed in a future release, or
simply replaced with with st_folium which always passes
returned_objects=[] to the component.
Please try using st_folium instead, and
post an issue at https://github.com/randyzwitch/streamlit-folium/issues
if you experience issues with st_folium.

  folium_static(m, height=500)
2026-06-11 21:25:26.432 Please replace `st.components.v1.html` with `st.iframe`.

`st.components.v1.html` will be removed after 2026-06-01.
2026-06-11 21:25:26.435 Please replace `use_container_width` with `width`.

`use_container_width` will be removed after 2025-12-31.

For `use_container_width=True`, use `width='stretch'`. For `use_container_width=False`, use `width='content'`.
2026-06-11 21:25:26.438 Please replace `use_container_width` with `width`.

`use_container_width` will be removed after 2025-12-31.

For `use_container_width=True`, use `width='stretch'`. For `use_container_width=False`, use `width='content'`.
C:\Users\user\Downloads\TGIS\TGIS\app.py:749: DeprecationWarning: 
folium_static is deprecated and will be removed in a future release, or
simply replaced with with st_folium which always passes
returned_objects=[] to the component.
Please try using st_folium instead, and
post an issue at https://github.com/randyzwitch/streamlit-folium/issues
if you experience issues with st_folium.

  folium_static(m, height=500)
2026-06-11 21:28:33.979 Please replace `st.components.v1.html` with `st.iframe`.

`st.components.v1.html` will be removed after 2026-06-01.
2026-06-11 21:28:33.985 Please replace `use_container_width` with `width`.

`use_container_width` will be removed after 2025-12-31.

For `use_container_width=True`, use `width='stretch'`. For `use_container_width=False`, use `width='content'`.
2026-06-11 21:28:33.988 Please replace `use_container_width` with `width`.

`use_container_width` will be removed after 2025-12-31.

For `use_container_width=True`, use `width='stretch'`. For `use_container_width=False`, use `width='content'`.
C:\Users\user\Downloads\TGIS\TGIS\app.py:749: DeprecationWarning: 
folium_static is deprecated and will be removed in a future release, or
simply replaced with with st_folium which always passes
returned_objects=[] to the component.
Please try using st_folium instead, and
post an issue at https://github.com/randyzwitch/streamlit-folium/issues
if you experience issues with st_folium.

  folium_static(m, height=500)
2026-06-11 21:28:44.560 Please replace `st.components.v1.html` with `st.iframe`.

`st.components.v1.html` will be removed after 2026-06-01.
2026-06-11 21:28:44.566 Please replace `use_container_width` with `width`.

`use_container_width` will be removed after 2025-12-31.

For `use_container_width=True`, use `width='stretch'`. For `use_container_width=False`, use `width='content'`.
2026-06-11 21:28:44.569 Please replace `use_container_width` with `width`.

`use_container_width` will be removed after 2025-12-31.

For `use_container_width=True`, use `width='stretch'`. For `use_container_width=False`, use `width='content'`.
C:\Users\user\Downloads\TGIS\TGIS\app.py:749: DeprecationWarning: 
folium_static is deprecated and will be removed in a future release, or
simply replaced with with st_folium which always passes
returned_objects=[] to the component.
Please try using st_folium instead, and
post an issue at https://github.com/randyzwitch/streamlit-folium/issues
if you experience issues with st_folium.

  folium_static(m, height=500)
2026-06-11 21:28:59.826 Please replace `st.components.v1.html` with `st.iframe`.

`st.components.v1.html` will be removed after 2026-06-01.
2026-06-11 21:28:59.831 Please replace `use_container_width` with `width`.

`use_container_width` will be removed after 2025-12-31.

For `use_container_width=True`, use `width='stretch'`. For `use_container_width=False`, use `width='content'`.
2026-06-11 21:28:59.833 Please replace `use_container_width` with `width`.

`use_container_width` will be removed after 2025-12-31.

For `use_container_width=True`, use `width='stretch'`. For `use_container_width=False`, use `width='content'`.
C:\Users\user\Downloads\TGIS\TGIS\app.py:842: DeprecationWarning: 
folium_static is deprecated and will be removed in a future release, or
simply replaced with with st_folium which always passes
returned_objects=[] to the component.
Please try using st_folium instead, and
post an issue at https://github.com/randyzwitch/streamlit-folium/issues
if you experience issues with st_folium.

  folium_static(m, height=480)
2026-06-11 21:29:05.923 Please replace `st.components.v1.html` with `st.iframe`.

`st.components.v1.html` will be removed after 2026-06-01.
2026-06-11 21:29:05.926 Please replace `use_container_width` with `width`.

`use_container_width` will be removed after 2025-12-31.

For `use_container_width=True`, use `width='stretch'`. For `use_container_width=False`, use `width='content'`.
2026-06-11 21:29:05.931 Please replace `use_container_width` with `width`.

`use_container_width` will be removed after 2025-12-31.

For `use_container_width=True`, use `width='stretch'`. For `use_container_width=False`, use `width='content'`.
2026-06-11 21:29:15.080 Please replace `use_container_width` with `width`.

`use_container_width` will be removed after 2025-12-31.

For `use_container_width=True`, use `width='stretch'`. For `use_container_width=False`, use `width='content'`.
2026-06-11 21:29:31.743 Please replace `use_container_width` with `width`.

`use_container_width` will be removed after 2025-12-31.

For `use_container_width=True`, use `width='stretch'`. For `use_container_width=False`, use `width='content'`.
C:\Users\user\Downloads\TGIS\TGIS\app.py:962: DeprecationWarning: 
folium_static is deprecated and will be removed in a future release, or
simply replaced with with st_folium which always passes
returned_objects=[] to the component.
Please try using st_folium instead, and
post an issue at https://github.com/randyzwitch/streamlit-folium/issues
if you experience issues with st_folium.

  folium_static(m, height=380)
2026-06-11 21:29:31.935 Please replace `st.components.v1.html` with `st.iframe`.

`st.components.v1.html` will be removed after 2026-06-01.
2026-06-11 21:29:31.936 Please replace `use_container_width` with `width`.

`use_container_width` will be removed after 2025-12-31.

For `use_container_width=True`, use `width='stretch'`. For `use_container_width=False`, use `width='content'`.
2026-06-11 21:29:31.940 Please replace `use_container_width` with `width`.

`use_container_width` will be removed after 2025-12-31.

For `use_container_width=True`, use `width='stretch'`. For `use_container_width=False`, use `width='content'`.
2026-06-11 21:29:42.071 Please replace `use_container_width` with `width`.

`use_container_width` will be removed after 2025-12-31.

For `use_container_width=True`, use `width='stretch'`. For `use_container_width=False`, use `width='content'`.
C:\Users\user\Downloads\TGIS\TGIS\app.py:962: DeprecationWarning: 
folium_static is deprecated and will be removed in a future release, or
simply replaced with with st_folium which always passes
returned_objects=[] to the component.
Please try using st_folium instead, and
post an issue at https://github.com/randyzwitch/streamlit-folium/issues
if you experience issues with st_folium.

  folium_static(m, height=380)
2026-06-11 21:29:42.273 Please replace `st.components.v1.html` with `st.iframe`.

`st.components.v1.html` will be removed after 2026-06-01.
2026-06-11 21:29:42.274 Please replace `use_container_width` with `width`.

`use_container_width` will be removed after 2025-12-31.

For `use_container_width=True`, use `width='stretch'`. For `use_container_width=False`, use `width='content'`.
2026-06-11 21:29:42.278 Please replace `use_container_width` with `width`.

`use_container_width` will be removed after 2025-12-31.

For `use_container_width=True`, use `width='stretch'`. For `use_container_width=False`, use `width='content'`.
2026-06-11 21:29:42.986 Please replace `use_container_width` with `width`.

`use_container_width` will be removed after 2025-12-31.

For `use_container_width=True`, use `width='stretch'`. For `use_container_width=False`, use `width='content'`.
C:\Users\user\Downloads\TGIS\TGIS\app.py:962: DeprecationWarning: 
folium_static is deprecated and will be removed in a future release, or
simply replaced with with st_folium which always passes
returned_objects=[] to the component.
Please try using st_folium instead, and
post an issue at https://github.com/randyzwitch/streamlit-folium/issues
if you experience issues with st_folium.

  folium_static(m, height=380)
2026-06-11 21:29:43.004 Please replace `st.components.v1.html` with `st.iframe`.

`st.components.v1.html` will be removed after 2026-06-01.
2026-06-11 21:29:43.005 Please replace `use_container_width` with `width`.

`use_container_width` will be removed after 2025-12-31.

For `use_container_width=True`, use `width='stretch'`. For `use_container_width=False`, use `width='content'`.
2026-06-11 21:29:43.009 Please replace `use_container_width` with `width`.

`use_container_width` will be removed after 2025-12-31.

For `use_container_width=True`, use `width='stretch'`. For `use_container_width=False`, use `width='content'`.
C:\Users\user\Downloads\TGIS\TGIS\app.py:1091: DeprecationWarning: 
folium_static is deprecated and will be removed in a future release, or
simply replaced with with st_folium which always passes
returned_objects=[] to the component.
Please try using st_folium instead, and
post an issue at https://github.com/randyzwitch/streamlit-folium/issues
if you experience issues with st_folium.

  folium_static(m, height=550)
2026-06-11 21:29:48.590 Please replace `st.components.v1.html` with `st.iframe`.

`st.components.v1.html` will be removed after 2026-06-01.
2026-06-11 21:29:53.122 Please replace `use_container_width` with `width`.

`use_container_width` will be removed after 2025-12-31.

For `use_container_width=True`, use `width='stretch'`. For `use_container_width=False`, use `width='content'`.
2026-06-11 21:29:53.130 Please replace `use_container_width` with `width`.

`use_container_width` will be removed after 2025-12-31.

For `use_container_width=True`, use `width='stretch'`. For `use_container_width=False`, use `width='content'`.
C:\Users\user\Downloads\TGIS\TGIS\app.py:749: DeprecationWarning: 
folium_static is deprecated and will be removed in a future release, or
simply replaced with with st_folium which always passes
returned_objects=[] to the component.
Please try using st_folium instead, and
post an issue at https://github.com/randyzwitch/streamlit-folium/issues
if you experience issues with st_folium.

  folium_static(m, height=500)
2026-06-11 21:30:10.567 Please replace `st.components.v1.html` with `st.iframe`.

`st.components.v1.html` will be removed after 2026-06-01.
2026-06-11 21:30:10.571 Please replace `use_container_width` with `width`.

`use_container_width` will be removed after 2025-12-31.

For `use_container_width=True`, use `width='stretch'`. For `use_container_width=False`, use `width='content'`.
2026-06-11 21:30:10.573 Please replace `use_container_width` with `width`.

`use_container_width` will be removed after 2025-12-31.

For `use_container_width=True`, use `width='stretch'`. For `use_container_width=False`, use `width='content'`.
